Last name is required for Registration
